<?xml version="1.0" encoding="UTF-8"?>
<testsuites name="jest tests" tests="5" failures="0" errors="0" time="0.407">
  <testsuite name="QueueManager" errors="0" failures="0" skipped="0" timestamp="2025-07-04T15:31:12" time="0.383" tests="5">
    <testcase classname="QueueManager exports getQueueManager function" name="QueueManager exports getQueueManager function" time="0">
    </testcase>
    <testcase classname="QueueManager exports QueueManager class" name="QueueManager exports QueueManager class" time="0">
    </testcase>
    <testcase classname="QueueManager getQueueManager returns instance with startPipeline method" name="QueueManager getQueueManager returns instance with startPipeline method" time="0">
    </testcase>
    <testcase classname="QueueManager QueueManager instance has all required methods" name="QueueManager QueueManager instance has all required methods" time="0">
    </testcase>
    <testcase classname="QueueManager startPipeline returns a pipeline ID" name="QueueManager startPipeline returns a pipeline ID" time="0.001">
    </testcase>
  </testsuite>
</testsuites>